// Vitest Snapshot v1, https://vitest.dev/guide/snapshot.html

exports[`onu preset > preflights 1`] = `
"/* layer: imports */
@import url("https://fonts.googleapis.com/css2?family=DM+Sans&family=DM+Sans:wght@400;700&display=swap");
/* layer: preflights */
*,
::before,
::after {
  --un-rotate: 0;
  --un-rotate-x: 0;
  --un-rotate-y: 0;
  --un-rotate-z: 0;
  --un-scale-x: 1;
  --un-scale-y: 1;
  --un-scale-z: 1;
  --un-skew-x: 0;
  --un-skew-y: 0;
  --un-translate-x: 0;
  --un-translate-y: 0;
  --un-translate-z: 0;
  --un-pan-x: ;
  --un-pan-y: ;
  --un-pinch-zoom: ;
  --un-scroll-snap-strictness: proximity;
  --un-ordinal: ;
  --un-slashed-zero: ;
  --un-numeric-figure: ;
  --un-numeric-spacing: ;
  --un-numeric-fraction: ;
  --un-border-spacing-x: 0;
  --un-border-spacing-y: 0;
  --un-ring-offset-shadow: 0 0 rgb(0 0 0 / 0);
  --un-ring-shadow: 0 0 rgb(0 0 0 / 0);
  --un-shadow-inset: ;
  --un-shadow: 0 0 rgb(0 0 0 / 0);
  --un-ring-inset: ;
  --un-ring-offset-width: 0px;
  --un-ring-offset-color: #fff;
  --un-ring-width: 0px;
  --un-ring-color: rgb(147 197 253 / 0.5);
  --un-blur: ;
  --un-brightness: ;
  --un-contrast: ;
  --un-drop-shadow: ;
  --un-grayscale: ;
  --un-hue-rotate: ;
  --un-invert: ;
  --un-saturate: ;
  --un-sepia: ;
  --un-backdrop-blur: ;
  --un-backdrop-brightness: ;
  --un-backdrop-contrast: ;
  --un-backdrop-grayscale: ;
  --un-backdrop-hue-rotate: ;
  --un-backdrop-invert: ;
  --un-backdrop-opacity: ;
  --un-backdrop-saturate: ;
  --un-backdrop-sepia: ;
}
::backdrop {
  --un-rotate: 0;
  --un-rotate-x: 0;
  --un-rotate-y: 0;
  --un-rotate-z: 0;
  --un-scale-x: 1;
  --un-scale-y: 1;
  --un-scale-z: 1;
  --un-skew-x: 0;
  --un-skew-y: 0;
  --un-translate-x: 0;
  --un-translate-y: 0;
  --un-translate-z: 0;
  --un-pan-x: ;
  --un-pan-y: ;
  --un-pinch-zoom: ;
  --un-scroll-snap-strictness: proximity;
  --un-ordinal: ;
  --un-slashed-zero: ;
  --un-numeric-figure: ;
  --un-numeric-spacing: ;
  --un-numeric-fraction: ;
  --un-border-spacing-x: 0;
  --un-border-spacing-y: 0;
  --un-ring-offset-shadow: 0 0 rgb(0 0 0 / 0);
  --un-ring-shadow: 0 0 rgb(0 0 0 / 0);
  --un-shadow-inset: ;
  --un-shadow: 0 0 rgb(0 0 0 / 0);
  --un-ring-inset: ;
  --un-ring-offset-width: 0px;
  --un-ring-offset-color: #fff;
  --un-ring-width: 0px;
  --un-ring-color: rgb(147 197 253 / 0.5);
  --un-blur: ;
  --un-brightness: ;
  --un-contrast: ;
  --un-drop-shadow: ;
  --un-grayscale: ;
  --un-hue-rotate: ;
  --un-invert: ;
  --un-saturate: ;
  --un-sepia: ;
  --un-backdrop-blur: ;
  --un-backdrop-brightness: ;
  --un-backdrop-contrast: ;
  --un-backdrop-grayscale: ;
  --un-backdrop-hue-rotate: ;
  --un-backdrop-invert: ;
  --un-backdrop-opacity: ;
  --un-backdrop-saturate: ;
  --un-backdrop-sepia: ;
}
/* layer: @onu-ui/preset-reset */
*,
::before,
::after {
  box-sizing: border-box;
  border-width: 0;
  border-style: solid;
  border-color: var(--un-default-border-color, #e5e7eb);
}
html,
:host {
  line-height: 1.5;
  -webkit-text-size-adjust: 100%;
  -moz-tab-size: 4;
  tab-size: 4;
  font-family: ui-sans-serif, system-ui, sans-serif, "Apple Color Emoji",
    "Segoe UI Emoji", "Segoe UI Symbol", "Noto Color Emoji";
  font-feature-settings: normal;
  font-variation-settings: normal;
  -webkit-tap-highlight-color: transparent;
}
body {
  margin: 0;
  line-height: inherit;
}
hr {
  height: 0;
  color: inherit;
  border-top-width: 1px;
}
abbr:where([title]) {
  text-decoration: underline dotted;
}
h1,
h2,
h3,
h4,
h5,
h6 {
  font-size: inherit;
  font-weight: inherit;
}
a {
  color: inherit;
  text-decoration: inherit;
}
b,
strong {
  font-weight: bolder;
}
code,
kbd,
samp,
pre {
  font-family: ui-monospace, SFMono-Regular, Menlo, Monaco, Consolas,
    "Liberation Mono", "Courier New", monospace;
  font-feature-settings: normal;
  font-variation-settings: normal;
  font-size: 1em;
}
small {
  font-size: 80%;
}
sub,
sup {
  font-size: 75%;
  line-height: 0;
  position: relative;
  vertical-align: baseline;
}
sub {
  bottom: -0.25em;
}
sup {
  top: -0.5em;
}
table {
  text-indent: 0;
  border-color: inherit;
  border-collapse: collapse;
}
button,
input,
optgroup,
select,
textarea {
  font-family: inherit;
  font-feature-settings: inherit;
  font-variation-settings: inherit;
  font-size: 100%;
  font-weight: inherit;
  line-height: inherit;
  color: inherit;
  margin: 0;
  padding: 0;
}
button,
select {
  text-transform: none;
}
button,
[type="button"],
[type="reset"],
[type="submit"] {
  -webkit-appearance: button;
  background-image: none;
}
:-moz-focusring {
  outline: auto;
}
:-moz-ui-invalid {
  box-shadow: none;
}
progress {
  vertical-align: baseline;
}
::-webkit-inner-spin-button,
::-webkit-outer-spin-button {
  height: auto;
}
[type="search"] {
  -webkit-appearance: textfield;
  outline-offset: -2px;
}
::-webkit-search-decoration {
  -webkit-appearance: none;
}
::-webkit-file-upload-button {
  -webkit-appearance: button;
  font: inherit;
}
summary {
  display: list-item;
}
blockquote,
dl,
dd,
h1,
h2,
h3,
h4,
h5,
h6,
hr,
figure,
p,
pre {
  margin: 0;
}
fieldset {
  margin: 0;
  padding: 0;
}
legend {
  padding: 0;
}
ol,
ul,
menu {
  list-style: none;
  margin: 0;
  padding: 0;
}
dialog {
  padding: 0;
}
textarea {
  resize: vertical;
}
input::placeholder,
textarea::placeholder {
  opacity: 1;
  color: #9ca3af;
}
button,
[role="button"] {
  cursor: pointer;
}
:disabled {
  cursor: default;
}
img,
svg,
video,
canvas,
audio,
iframe,
embed,
object {
  display: block;
  vertical-align: middle;
}
img,
video {
  max-width: 100%;
  height: auto;
}
[hidden] {
  display: none;
}
/* layer: @onu-ui/preset-theme */
:root {
  color-scheme: light dark;
  --onu-color-50: 258 100 97;
  --onu-color-100: 256 100 95;
  --onu-color-200: 255 100 92;
  --onu-color-300: 258 100 85;
  --onu-color-400: 261 100 76;
  --onu-color-500: 264 100 67;
  --onu-color-600: 268 93 58;
  --onu-color-700: 269 78 50;
  --onu-color-800: 269 78 42;
  --onu-color-900: 269 75 35;
  --onu-color-950: 267 81 23;
  --onu-color-DEFAULT: var(--onu-color-500);
  --onu-color-text: var(--onu-color-100);
  --onu-color-text-invert: var(--onu-color-950);
}
.dark {
  --onu-color-DEFAULT: var(--onu-color-600);
  --onu-color-text: var(--onu-color-950);
  --onu-color-text-invert: var(--onu-color-100);
}
::selection {
  color: hsl(var(--onu-color-DEFAULT) / 0.99) !important;
  background-color: hsl(var(--onu-color-text) / 0.99) !important;
}
"
`;
