// Vitest Snapshot v1, https://vitest.dev/guide/snapshot.html

exports[`onu preset > preflights 1`] = `
"/* layer: imports */
@import url("https://fonts.googleapis.com/css2?family=DM+Sans&family=DM+Sans:wght@400;700&display=swap");
/* layer: theme */
:root,
:host {
  --font-sans:
    ui-sans-serif, system-ui, -apple-system, BlinkMacSystemFont, "Segoe UI",
    Roboto, "Helvetica Neue", Arial, "Noto Sans", sans-serif,
    "Apple Color Emoji", "Segoe UI Emoji", "Segoe UI Symbol", "Noto Color Emoji";
  --font-mono:
    ui-monospace, SFMono-Regular, Menlo, Monaco, Consolas, "Liberation Mono",
    "Courier New", monospace;
  --default-font-family: var(--font-sans);
  --default-monoFont-family: var(--font-mono);
}
/* layer: @onu-ui/prelight */
:root {
  --onu-color-50: 255 100 98;
  --onu-color-100: 258 100 95;
  --onu-color-200: 256 100 92;
  --onu-color-300: 258 100 85;
  --onu-color-400: 261 100 76;
  --onu-color-500: 264 100 67;
  --onu-color-600: 268 93 58;
  --onu-color-700: 269 78 50;
  --onu-color-800: 269 78 42;
  --onu-color-900: 269 75 35;
  --onu-color-950: 267 81 23;
  --onu-color-DEFAULT: var(--onu-color-500);
  --onu-color-text: var(--onu-color-100);
  --onu-color-text-invert: var(--onu-color-950);
  --onu-radius: 0.5rem;
}
.dark {
  --onu-color-DEFAULT: var(--onu-color-600);
  --onu-color-text: var(--onu-color-950);
  --onu-color-text-invert: var(--onu-color-100);
}
::selection {
  color: hsl(var(--onu-color-DEFAULT) / 0.99) !important;
  background-color: hsl(var(--onu-color-text) / 0.99) !important;
}
/* layer: base */
*,
::after,
::before,
::backdrop,
::file-selector-button {
  box-sizing: border-box;
  margin: 0;
  padding: 0;
  border: 0 solid;
}
html,
:host {
  line-height: 1.5;
  -webkit-text-size-adjust: 100%;
  tab-size: 4;
  font-family: var(
    --default-font-family,
    ui-sans-serif,
    system-ui,
    sans-serif,
    "Apple Color Emoji",
    "Segoe UI Emoji",
    "Segoe UI Symbol",
    "Noto Color Emoji"
  );
  font-feature-settings: var(--default-font-featureSettings, normal);
  font-variation-settings: var(--default-font-variationSettings, normal);
  -webkit-tap-highlight-color: transparent;
}
hr {
  height: 0;
  color: inherit;
  border-top-width: 1px;
}
abbr:where([title]) {
  -webkit-text-decoration: underline dotted;
  text-decoration: underline dotted;
}
h1,
h2,
h3,
h4,
h5,
h6 {
  font-size: inherit;
  font-weight: inherit;
}
a {
  color: inherit;
  -webkit-text-decoration: inherit;
  text-decoration: inherit;
}
b,
strong {
  font-weight: bolder;
}
code,
kbd,
samp,
pre {
  font-family: var(
    --default-monoFont-family,
    ui-monospace,
    SFMono-Regular,
    Menlo,
    Monaco,
    Consolas,
    "Liberation Mono",
    "Courier New",
    monospace
  );
  font-feature-settings: var(--default-monoFont-featureSettings, normal);
  font-variation-settings: var(--default-monoFont-variationSettings, normal);
  font-size: 1em;
}
small {
  font-size: 80%;
}
sub,
sup {
  font-size: 75%;
  line-height: 0;
  position: relative;
  vertical-align: baseline;
}
sub {
  bottom: -0.25em;
}
sup {
  top: -0.5em;
}
table {
  text-indent: 0;
  border-color: inherit;
  border-collapse: collapse;
}
:-moz-focusring {
  outline: auto;
}
progress {
  vertical-align: baseline;
}
summary {
  display: list-item;
}
ol,
ul,
menu {
  list-style: none;
}
img,
svg,
video,
canvas,
audio,
iframe,
embed,
object {
  display: block;
  vertical-align: middle;
}
img,
video {
  max-width: 100%;
  height: auto;
}
button,
input,
select,
optgroup,
textarea,
::file-selector-button {
  font: inherit;
  font-feature-settings: inherit;
  font-variation-settings: inherit;
  letter-spacing: inherit;
  color: inherit;
  border-radius: 0;
  background-color: transparent;
  opacity: 1;
}
:where(select:is([multiple], [size])) optgroup {
  font-weight: bolder;
}
:where(select:is([multiple], [size])) optgroup option {
  padding-inline-start: 20px;
}
::file-selector-button {
  margin-inline-end: 4px;
}
::placeholder {
  opacity: 1;
}
@supports (not (-webkit-appearance: -apple-pay-button)) or
  (contain-intrinsic-size: 1px) {
  ::placeholder {
    color: color-mix(in oklab, currentcolor 50%, transparent);
  }
}
textarea {
  resize: vertical;
}
::-webkit-search-decoration {
  -webkit-appearance: none;
}
::-webkit-date-and-time-value {
  min-height: 1lh;
  text-align: inherit;
}
::-webkit-datetime-edit {
  display: inline-flex;
}
::-webkit-datetime-edit-fields-wrapper {
  padding: 0;
}
::-webkit-datetime-edit,
::-webkit-datetime-edit-year-field,
::-webkit-datetime-edit-month-field,
::-webkit-datetime-edit-day-field,
::-webkit-datetime-edit-hour-field,
::-webkit-datetime-edit-minute-field,
::-webkit-datetime-edit-second-field,
::-webkit-datetime-edit-millisecond-field,
::-webkit-datetime-edit-meridiem-field {
  padding-block: 0;
}
::-webkit-calendar-picker-indicator {
  line-height: 1;
}
:-moz-ui-invalid {
  box-shadow: none;
}
button,
input:where([type="button"], [type="reset"], [type="submit"]),
::file-selector-button {
  appearance: button;
}
::-webkit-inner-spin-button,
::-webkit-outer-spin-button {
  height: auto;
}
[hidden]:where(:not([hidden~="until-found"])) {
  display: none !important;
}
"
`;
